// Jest Snapshot v1, https://goo.gl/fbAQLP

exports[`rendering test/snapshot should render a pokeball button 1`] = `<pokeItem />`;
